somthing in test.log

